MPLINK 4.49, Linker
Linker Map File - Created Wed Mar 23 22:20:15 2016

                                 Section Info
                  Section       Type    Address   Location Size(Bytes)
                ---------  ---------  ---------  ---------  ---------
                    .code       code   0x000000    program   0x000004
                   .cinit    romdata   0x000004    program   0x000002
                   .org_0       code   0x000008    program   0x000002
                   .org_1       code   0x00000e    program   0x00074e
                 democode       code   0x00075c    program   0x001d98
  .config_300000_KERNEL.O    romdata   0x300000    program   0x000001
  .config_300001_KERNEL.O    romdata   0x300001    program   0x000001
  .config_300002_KERNEL.O    romdata   0x300002    program   0x000001
  .config_300003_KERNEL.O    romdata   0x300003    program   0x000001
  .config_300005_KERNEL.O    romdata   0x300005    program   0x000001
  .config_300006_KERNEL.O    romdata   0x300006    program   0x000001
  .config_300008_KERNEL.O    romdata   0x300008    program   0x000001
  .config_300009_KERNEL.O    romdata   0x300009    program   0x000001
  .config_30000A_KERNEL.O    romdata   0x30000a    program   0x000001
  .config_30000B_KERNEL.O    romdata   0x30000b    program   0x000001
  .config_30000C_KERNEL.O    romdata   0x30000c    program   0x000001
  .config_30000D_KERNEL.O    romdata   0x30000d    program   0x000001
               kernel_ram      udata   0x000000       data   0x000020
                 demo_ram      udata   0x000020       data   0x000025
               banked_ram      udata   0x000700       data   0x000030



                              Program Memory Usage 
                               Start         End      
                           ---------   ---------      
                            0x000000    0x000005      
                            0x000008    0x000009      
                            0x00000e    0x0024f3      
                            0x300000    0x300003      
                            0x300005    0x300006      
                            0x300008    0x30000d      
            9466 out of 33048 program addresses used, program memory utilization is 28%



                              Symbols - Sorted by Name
                     Name    Address   Location    Storage File                     
                ---------  ---------  ---------  --------- ---------                
                RXbuf.ovf   0x0003c2    program     static C:\PIC_PROJECTS\HAD_badge\int.inc
           _democode_0144   0x0008a0    program     static C:\PIC_PROJECTS\HAD_badge\tetris.inc
           _democode_015A   0x0008b6    program     static C:\PIC_PROJECTS\HAD_badge\tetris.inc
           _democode_016A   0x0008c6    program     static C:\PIC_PROJECTS\HAD_badge\tetris.inc
           _democode_019C   0x0008f8    program     static C:\PIC_PROJECTS\HAD_badge\tetris.inc
           _democode_031A   0x000a76    program     static C:\PIC_PROJECTS\HAD_badge\tetris.inc
           _democode_0328   0x000a84    program     static C:\PIC_PROJECTS\HAD_badge\tetris.inc
           _democode_0700   0x000e5c    program     static C:\PIC_PROJECTS\HAD_badge\tetris.inc
           _democode_0808   0x000f64    program     static C:\PIC_PROJECTS\HAD_badge\accel.inc
           _democode_084A   0x000fa6    program     static C:\PIC_PROJECTS\HAD_badge\accel.inc
           _democode_118E   0x0018ea    program     static C:\PIC_PROJECTS\HAD_badge\display.inc
           _democode_11E4   0x001940    program     static C:\PIC_PROJECTS\HAD_badge\display.inc
           _democode_11F4   0x001950    program     static C:\PIC_PROJECTS\HAD_badge\display.inc
            accelerometer   0x000eb0    program     static C:\PIC_PROJECTS\HAD_badge\accel.inc
               ad.convert   0x0005c2    program     static C:\PIC_PROJECTS\HAD_badge\kernel.asm
                 advscore   0x000a1c    program     static C:\PIC_PROJECTS\HAD_badge\tetris.inc
                  adxl345   0x0012da    program     static C:\PIC_PROJECTS\HAD_badge\accel.inc
                  bin2bcd   0x000cdc    program     static C:\PIC_PROJECTS\HAD_badge\tetris.inc
                  bittab8   0x000ec0    program     static C:\PIC_PROJECTS\HAD_badge\accel.inc
                   blocks   0x000c4c    program     static C:\PIC_PROJECTS\HAD_badge\tetris.inc
               bright.tab   0x000430    program     static C:\PIC_PROJECTS\HAD_badge\int.inc
                  case.h1   0x001910    program     static C:\PIC_PROJECTS\HAD_badge\display.inc
                  case.h2   0x001914    program     static C:\PIC_PROJECTS\HAD_badge\display.inc
                  case.i1   0x001900    program     static C:\PIC_PROJECTS\HAD_badge\display.inc
                  case.i2   0x0018fc    program     static C:\PIC_PROJECTS\HAD_badge\display.inc
                  case.ix   0x001902    program     static C:\PIC_PROJECTS\HAD_badge\display.inc
                   case.l   0x001920    program     static C:\PIC_PROJECTS\HAD_badge\display.inc
                  case.v1   0x001918    program     static C:\PIC_PROJECTS\HAD_badge\display.inc
                  case.v2   0x00191c    program     static C:\PIC_PROJECTS\HAD_badge\display.inc
                   charg1   0x001972    program     static C:\PIC_PROJECTS\HAD_badge\chargen.inc
                   charg2   0x001d32    program     static C:\PIC_PROJECTS\HAD_badge\chargen.inc
                   charg3   0x001f72    program     static C:\PIC_PROJECTS\HAD_badge\chargen.inc
                   charg4   0x0024b2    program     static C:\PIC_PROJECTS\HAD_badge\chargen.inc
               clear.dice   0x000f62    program     static C:\PIC_PROJECTS\HAD_badge\accel.inc
                clr.blink   0x000a70    program     static C:\PIC_PROJECTS\HAD_badge\tetris.inc
                   clrbuf   0x000bb4    program     static C:\PIC_PROJECTS\HAD_badge\tetris.inc
             clrbuf.pause   0x000ba8    program     static C:\PIC_PROJECTS\HAD_badge\tetris.inc
                  clrbuf2   0x000bae    program     static C:\PIC_PROJECTS\HAD_badge\tetris.inc
                     clrx   0x000bb8    program     static C:\PIC_PROJECTS\HAD_badge\tetris.inc
             column.anode   0x00012a    program     static C:\PIC_PROJECTS\HAD_badge\int.inc
               column.any   0x00022c    program     static C:\PIC_PROJECTS\HAD_badge\int.inc
                   comm.i   0x001934    program     static C:\PIC_PROJECTS\HAD_badge\display.inc
                     cont   0x00075c    program     extern C:\PIC_PROJECTS\HAD_badge\kernel.asm
                  conv.sc   0x000a16    program     static C:\PIC_PROJECTS\HAD_badge\tetris.inc
              createtable   0x001132    program     static C:\PIC_PROJECTS\HAD_badge\accel.inc
             debounce.off   0x00041e    program     static C:\PIC_PROJECTS\HAD_badge\int.inc
                  def.txt   0x00052a    program     static C:\PIC_PROJECTS\HAD_badge\kernel.asm
                demo.farm   0x00075c    program     static C:\PIC_PROJECTS\HAD_badge\demo.asm
                different   0x001128    program     static C:\PIC_PROJECTS\HAD_badge\accel.inc
              disp.detect   0x000552    program     static C:\PIC_PROJECTS\HAD_badge\kernel.asm
                  display   0x0014fe    program     static C:\PIC_PROJECTS\HAD_badge\display.inc
                 div.clip   0x001186    program     static C:\PIC_PROJECTS\HAD_badge\accel.inc
                     div2   0x001216    program     static C:\PIC_PROJECTS\HAD_badge\accel.inc
                 dottable   0x001054    program     static C:\PIC_PROJECTS\HAD_badge\accel.inc
               draw.block   0x000af6    program     static C:\PIC_PROJECTS\HAD_badge\tetris.inc
                draw2.num   0x000f4c    program     static C:\PIC_PROJECTS\HAD_badge\accel.inc
                draw4.num   0x000f3c    program     static C:\PIC_PROJECTS\HAD_badge\accel.inc
                 drawdots   0x00114e    program     static C:\PIC_PROJECTS\HAD_badge\accel.inc
               drawed.num   0x000f5c    program     static C:\PIC_PROJECTS\HAD_badge\accel.inc
                    ee.rd   0x00054a    program     static C:\PIC_PROJECTS\HAD_badge\kernel.asm
              end.of.drop   0x0009ca    program     static C:\PIC_PROJECTS\HAD_badge\tetris.inc
                  exit.ee   0x00053e    program     static C:\PIC_PROJECTS\HAD_badge\kernel.asm
                    exit2   0x0003f0    program     static C:\PIC_PROJECTS\HAD_badge\int.inc
                 findfree   0x001018    program     static C:\PIC_PROJECTS\HAD_badge\accel.inc
                full.line   0x000a32    program     static C:\PIC_PROJECTS\HAD_badge\tetris.inc
          full.line.blink   0x0009dc    program     static C:\PIC_PROJECTS\HAD_badge\tetris.inc
                    g.ovf   0x000efe    program     static C:\PIC_PROJECTS\HAD_badge\accel.inc
                get.accel   0x0012c4    program     static C:\PIC_PROJECTS\HAD_badge\accel.inc
                  get.ack   0x001488    program     static C:\PIC_PROJECTS\HAD_badge\accel.inc
                get.block   0x000bda    program     static C:\PIC_PROJECTS\HAD_badge\tetris.inc
                 get.data   0x0014a2    program     static C:\PIC_PROJECTS\HAD_badge\accel.inc
                   gnc.h1   0x001528    program     static C:\PIC_PROJECTS\HAD_badge\display.inc
                   gnc.h2   0x0015c2    program     static C:\PIC_PROJECTS\HAD_badge\display.inc
              gnc.h2.spec   0x0015ae    program     static C:\PIC_PROJECTS\HAD_badge\display.inc
                    gnc.l   0x001802    program     static C:\PIC_PROJECTS\HAD_badge\display.inc
                    gnc.t   0x000e20    program     static C:\PIC_PROJECTS\HAD_badge\tetris.inc
                   gnc.v1   0x001658    program     static C:\PIC_PROJECTS\HAD_badge\display.inc
                   gnc.v2   0x00171a    program     static C:\PIC_PROJECTS\HAD_badge\display.inc
              go.16.blink   0x0009e6    program     static C:\PIC_PROJECTS\HAD_badge\tetris.inc
               go.i.pause   0x00193e    program     static C:\PIC_PROJECTS\HAD_badge\display.inc
                 go.pause   0x0018e6    program     static C:\PIC_PROJECTS\HAD_badge\display.inc
                    go.pr   0x0007cc    program     static C:\PIC_PROJECTS\HAD_badge\demo.asm
                 go.rd.ee   0x00051e    program     static C:\PIC_PROJECTS\HAD_badge\kernel.asm
               go14txt.h2   0x001608    program     static C:\PIC_PROJECTS\HAD_badge\display.inc
               go14txt.v2   0x001766    program     static C:\PIC_PROJECTS\HAD_badge\display.inc
                  go250ms   0x0018e8    program     static C:\PIC_PROJECTS\HAD_badge\display.inc
                   go44x2   0x001142    program     static C:\PIC_PROJECTS\HAD_badge\accel.inc
                 go5txt.l   0x00184e    program     static C:\PIC_PROJECTS\HAD_badge\display.inc
                go9txt.h1   0x001574    program     static C:\PIC_PROJECTS\HAD_badge\display.inc
                 go9txt.t   0x000e3e    program     static C:\PIC_PROJECTS\HAD_badge\tetris.inc
                go9txt.v1   0x0016a4    program     static C:\PIC_PROJECTS\HAD_badge\display.inc
                 gobinbcd   0x000ce4    program     static C:\PIC_PROJECTS\HAD_badge\tetris.inc
                   goclr1   0x0004b8    program     static C:\PIC_PROJECTS\HAD_badge\kernel.asm
                   goclr2   0x0004c2    program     static C:\PIC_PROJECTS\HAD_badge\kernel.asm
                   goclr3   0x0004cc    program     static C:\PIC_PROJECTS\HAD_badge\kernel.asm
                   goclr4   0x0004d6    program     static C:\PIC_PROJECTS\HAD_badge\kernel.asm
                 godraw44   0x00115e    program     static C:\PIC_PROJECTS\HAD_badge\accel.inc
                    got30   0x0014b6    program     static C:\PIC_PROJECTS\HAD_badge\accel.inc
                 greeting   0x000674    program     static C:\PIC_PROJECTS\HAD_badge\kernel.asm
                    gy521   0x00136c    program     static C:\PIC_PROJECTS\HAD_badge\accel.inc
       header.in.progress   0x000334    program     static C:\PIC_PROJECTS\HAD_badge\int.inc
                hold.dice   0x000fa4    program     static C:\PIC_PROJECTS\HAD_badge\accel.inc
                  i2c.ack   0x001440    program     static C:\PIC_PROJECTS\HAD_badge\accel.inc
                 i2c.nack   0x001454    program     static C:\PIC_PROJECTS\HAD_badge\accel.inc
                i2c.start   0x00140e    program     static C:\PIC_PROJECTS\HAD_badge\accel.inc
                 i2c.stop   0x001428    program     static C:\PIC_PROJECTS\HAD_badge\accel.inc
                i2c.tx.w7   0x00143c    program     static C:\PIC_PROJECTS\HAD_badge\accel.inc
                       id   0x0007e8    program     static C:\PIC_PROJECTS\HAD_badge\demo.asm
               impossible   0x0009aa    program     static C:\PIC_PROJECTS\HAD_badge\tetris.inc
              in.progress   0x000390    program     static C:\PIC_PROJECTS\HAD_badge\int.inc
                   inimes   0x0007d8    program     static C:\PIC_PROJECTS\HAD_badge\demo.asm
                   inmask   0x0008b4    program     static C:\PIC_PROJECTS\HAD_badge\tetris.inc
              interrupt_8   0x000010    program     static C:\PIC_PROJECTS\HAD_badge\kernel.asm
        ior.bufer2.buffer   0x000b12    program     static C:\PIC_PROJECTS\HAD_badge\tetris.inc
       ior.bufer2.buffer3   0x0014bc    program     static C:\PIC_PROJECTS\HAD_badge\accel.inc
               is.it.free   0x001110    program     static C:\PIC_PROJECTS\HAD_badge\accel.inc
              it.was.int0   0x0003f6    program     static C:\PIC_PROJECTS\HAD_badge\int.inc
              liquid.farm   0x000ee4    program     static C:\PIC_PROJECTS\HAD_badge\accel.inc
                  loopab2   0x0014a6    program     static C:\PIC_PROJECTS\HAD_badge\accel.inc
                     main   0x000450    program     static C:\PIC_PROJECTS\HAD_badge\kernel.asm
                  mask.16   0x0008b0    program     static C:\PIC_PROJECTS\HAD_badge\tetris.inc
       move.bufer.buffer2   0x000b54    program     static C:\PIC_PROJECTS\HAD_badge\tetris.inc
       move.bufer2.buffer   0x000b5e    program     static C:\PIC_PROJECTS\HAD_badge\tetris.inc
           move.fsr1.fsr2   0x000b66    program     static C:\PIC_PROJECTS\HAD_badge\tetris.inc
                  move2up   0x00078a    program     static C:\PIC_PROJECTS\HAD_badge\demo.asm
                moveXleft   0x0010ac    program     static C:\PIC_PROJECTS\HAD_badge\accel.inc
               moveXright   0x0010c4    program     static C:\PIC_PROJECTS\HAD_badge\accel.inc
                moveYback   0x0010de    program     static C:\PIC_PROJECTS\HAD_badge\accel.inc
               moveYfront   0x0010f8    program     static C:\PIC_PROJECTS\HAD_badge\accel.inc
              movedn16.l1   0x00186c    program     static C:\PIC_PROJECTS\HAD_badge\display.inc
              movedn16.l2   0x001882    program     static C:\PIC_PROJECTS\HAD_badge\display.inc
             movedn16.v11   0x0016de    program     static C:\PIC_PROJECTS\HAD_badge\display.inc
             movedn16.v12   0x0016f4    program     static C:\PIC_PROJECTS\HAD_badge\display.inc
             movedn16.v21   0x0017c6    program     static C:\PIC_PROJECTS\HAD_badge\display.inc
             movedn16.v22   0x0017dc    program     static C:\PIC_PROJECTS\HAD_badge\display.inc
            moveleft16.h1   0x001596    program     static C:\PIC_PROJECTS\HAD_badge\display.inc
            moveleft16.h2   0x001630    program     static C:\PIC_PROJECTS\HAD_badge\display.inc
              moveleft9.t   0x000e6e    program     static C:\PIC_PROJECTS\HAD_badge\tetris.inc
           moving.message   0x000de6    program     static C:\PIC_PROJECTS\HAD_badge\tetris.inc
           new.wait.key.2   0x0008d4    program     static C:\PIC_PROJECTS\HAD_badge\tetris.inc
                   newrnd   0x00087a    program     static C:\PIC_PROJECTS\HAD_badge\tetris.inc
             next.char.h1   0x00151e    program     static C:\PIC_PROJECTS\HAD_badge\display.inc
             next.char.h2   0x0015b8    program     static C:\PIC_PROJECTS\HAD_badge\display.inc
              next.char.l   0x0017f8    program     static C:\PIC_PROJECTS\HAD_badge\display.inc
              next.char.t   0x000e18    program     static C:\PIC_PROJECTS\HAD_badge\tetris.inc
             next.char.v1   0x00164e    program     static C:\PIC_PROJECTS\HAD_badge\display.inc
             next.char.v2   0x001710    program     static C:\PIC_PROJECTS\HAD_badge\display.inc
           next.column.h1   0x00157e    program     static C:\PIC_PROJECTS\HAD_badge\display.inc
           next.column.h2   0x00161a    program     static C:\PIC_PROJECTS\HAD_badge\display.inc
            next.column.t   0x000e48    program     static C:\PIC_PROJECTS\HAD_badge\tetris.inc
               next.row.l   0x001858    program     static C:\PIC_PROJECTS\HAD_badge\display.inc
              next.row.v1   0x0016ca    program     static C:\PIC_PROJECTS\HAD_badge\display.inc
              next.row.v2   0x0017a8    program     static C:\PIC_PROJECTS\HAD_badge\display.inc
             no.bright.up   0x0002d4    program     static C:\PIC_PROJECTS\HAD_badge\int.inc
                 no.floor   0x0009d6    program     static C:\PIC_PROJECTS\HAD_badge\tetris.inc
                 no.key.1   0x000936    program     static C:\PIC_PROJECTS\HAD_badge\tetris.inc
                 no.key.2   0x000950    program     static C:\PIC_PROJECTS\HAD_badge\tetris.inc
                 no.key.3   0x000964    program     static C:\PIC_PROJECTS\HAD_badge\tetris.inc
               no.lo.test   0x000a26    program     static C:\PIC_PROJECTS\HAD_badge\tetris.inc
               no.overlap   0x0009c6    program     static C:\PIC_PROJECTS\HAD_badge\tetris.inc
        no.reconstruction   0x000138    program     static C:\PIC_PROJECTS\HAD_badge\int.inc
                no.ripple   0x000d3a    program     static C:\PIC_PROJECTS\HAD_badge\tetris.inc
                    no.rx   0x0003c4    program     static C:\PIC_PROJECTS\HAD_badge\int.inc
             no.spec.sign   0x00192e    program     static C:\PIC_PROJECTS\HAD_badge\display.inc
             no.speed.inc   0x00086e    program     static C:\PIC_PROJECTS\HAD_badge\tetris.inc
                  no.test   0x000312    program     static C:\PIC_PROJECTS\HAD_badge\int.inc
                no.test.0   0x000258    program     static C:\PIC_PROJECTS\HAD_badge\int.inc
                no.test.1   0x000274    program     static C:\PIC_PROJECTS\HAD_badge\int.inc
               no.test.14   0x0002f2    program     static C:\PIC_PROJECTS\HAD_badge\int.inc
                no.test.2   0x000290    program     static C:\PIC_PROJECTS\HAD_badge\int.inc
                no.test.x   0x0002f4    program     static C:\PIC_PROJECTS\HAD_badge\int.inc
                      no1   0x000f1e    program     static C:\PIC_PROJECTS\HAD_badge\accel.inc
                  nomovex   0x00103e    program     static C:\PIC_PROJECTS\HAD_badge\accel.inc
                  nomovey   0x001050    program     static C:\PIC_PROJECTS\HAD_badge\accel.inc
                  nomult8   0x0011b4    program     static C:\PIC_PROJECTS\HAD_badge\accel.inc
                 nonoisex   0x000fde    program     static C:\PIC_PROJECTS\HAD_badge\accel.inc
                 nonoisey   0x000ff8    program     static C:\PIC_PROJECTS\HAD_badge\accel.inc
               nonum.case   0x00190c    program     static C:\PIC_PROJECTS\HAD_badge\display.inc
              nonum2.case   0x00190a    program     static C:\PIC_PROJECTS\HAD_badge\display.inc
                   noovf1   0x000976    program     static C:\PIC_PROJECTS\HAD_badge\tetris.inc
                 nopatchI   0x00094a    program     static C:\PIC_PROJECTS\HAD_badge\tetris.inc
                nospec.h1   0x001556    program     static C:\PIC_PROJECTS\HAD_badge\display.inc
                nospec.h2   0x0015ea    program     static C:\PIC_PROJECTS\HAD_badge\display.inc
                 nospec.l   0x001830    program     static C:\PIC_PROJECTS\HAD_badge\display.inc
                nospec.v1   0x001686    program     static C:\PIC_PROJECTS\HAD_badge\display.inc
                nospec.v2   0x001748    program     static C:\PIC_PROJECTS\HAD_badge\display.inc
                  not.end   0x0008f2    program     static C:\PIC_PROJECTS\HAD_badge\tetris.inc
                  not.ovf   0x000fc4    program     static C:\PIC_PROJECTS\HAD_badge\accel.inc
                  not.yet   0x000a64    program     static C:\PIC_PROJECTS\HAD_badge\tetris.inc
                  notdown   0x000916    program     static C:\PIC_PROJECTS\HAD_badge\tetris.inc
                    notxt   0x000e7e    program     static C:\PIC_PROJECTS\HAD_badge\tetris.inc
                 nzblockx   0x000c2c    program     static C:\PIC_PROJECTS\HAD_badge\tetris.inc
                 off.loop   0x000a74    program     static C:\PIC_PROJECTS\HAD_badge\tetris.inc
                      okx   0x0011d4    program     static C:\PIC_PROJECTS\HAD_badge\accel.inc
                      oky   0x0011f4    program     static C:\PIC_PROJECTS\HAD_badge\accel.inc
                      okz   0x001214    program     static C:\PIC_PROJECTS\HAD_badge\accel.inc
                  on.loop   0x000a82    program     static C:\PIC_PROJECTS\HAD_badge\tetris.inc
             one.byte.map   0x000e80    program     static C:\PIC_PROJECTS\HAD_badge\tetris.inc
                 overflow   0x000c48    program     static C:\PIC_PROJECTS\HAD_badge\tetris.inc
                ovl.found   0x000af2    program     static C:\PIC_PROJECTS\HAD_badge\tetris.inc
                     p.sc   0x000d10    program     static C:\PIC_PROJECTS\HAD_badge\tetris.inc
               pause.mode   0x000306    program     static C:\PIC_PROJECTS\HAD_badge\int.inc
                   pozitx   0x0011ca    program     static C:\PIC_PROJECTS\HAD_badge\accel.inc
                   pozity   0x0011ea    program     static C:\PIC_PROJECTS\HAD_badge\accel.inc
                   pozitz   0x00120a    program     static C:\PIC_PROJECTS\HAD_badge\accel.inc
               preset.pat   0x0003bc    program     static C:\PIC_PROJECTS\HAD_badge\int.inc
         pressed.new.game   0x0008ee    program     static C:\PIC_PROJECTS\HAD_badge\tetris.inc
                print.rom   0x0007ca    program     static C:\PIC_PROJECTS\HAD_badge\demo.asm
              print.score   0x000d08    program     static C:\PIC_PROJECTS\HAD_badge\tetris.inc
          print.score.buf   0x000cfe    program     static C:\PIC_PROJECTS\HAD_badge\tetris.inc
                reset.i2c   0x001246    program     static C:\PIC_PROJECTS\HAD_badge\accel.inc
                      rnd   0x0005d8    program     extern C:\PIC_PROJECTS\HAD_badge\kernel.asm
                  rnda.16   0x001232    program     static C:\PIC_PROJECTS\HAD_badge\accel.inc
                  rndarea   0x00122a    program     static C:\PIC_PROJECTS\HAD_badge\accel.inc
               rx.enabled   0x00031a    program     static C:\PIC_PROJECTS\HAD_badge\int.inc
                  rx.exit   0x0003e8    program     static C:\PIC_PROJECTS\HAD_badge\int.inc
        rx.ser.terminator   0x000378    program     static C:\PIC_PROJECTS\HAD_badge\int.inc
                    shl16   0x001968    program     static C:\PIC_PROJECTS\HAD_badge\display.inc
                   shlbuf   0x001956    program     static C:\PIC_PROJECTS\HAD_badge\display.inc
                     show   0x000964    program     static C:\PIC_PROJECTS\HAD_badge\tetris.inc
            sleeping.time   0x0003fa    program     static C:\PIC_PROJECTS\HAD_badge\int.inc
               snif.accel   0x001262    program     static C:\PIC_PROJECTS\HAD_badge\accel.inc
                spec.case   0x00189a    program     static C:\PIC_PROJECTS\HAD_badge\display.inc
           spec.not.found   0x001924    program     static C:\PIC_PROJECTS\HAD_badge\display.inc
                 speedtab   0x000cbc    program     static C:\PIC_PROJECTS\HAD_badge\tetris.inc
                  sr.loop   0x000c2e    program     static C:\PIC_PROJECTS\HAD_badge\tetris.inc
         start.message.h1   0x001518    program     static C:\PIC_PROJECTS\HAD_badge\display.inc
         start.message.h2   0x0015b4    program     static C:\PIC_PROJECTS\HAD_badge\display.inc
          start.message.l   0x0017f4    program     static C:\PIC_PROJECTS\HAD_badge\display.inc
          start.message.t   0x000e14    program     static C:\PIC_PROJECTS\HAD_badge\tetris.inc
         start.message.v1   0x00164a    program     static C:\PIC_PROJECTS\HAD_badge\display.inc
         start.message.v2   0x00170c    program     static C:\PIC_PROJECTS\HAD_badge\display.inc
              still.rxpat   0x0003d2    program     static C:\PIC_PROJECTS\HAD_badge\int.inc
              sync150cond   0x00194a    program     static C:\PIC_PROJECTS\HAD_badge\display.inc
                      t38   0x0014b2    program     static C:\PIC_PROJECTS\HAD_badge\accel.inc
                test.keys   0x000770    program     static C:\PIC_PROJECTS\HAD_badge\demo.asm
             test.overlap   0x000a8e    program     static C:\PIC_PROJECTS\HAD_badge\tetris.inc
               test44dots   0x001118    program     static C:\PIC_PROJECTS\HAD_badge\accel.inc
                   tetris   0x000820    program     static C:\PIC_PROJECTS\HAD_badge\tetris.inc
              tetris.cont   0x000842    program     static C:\PIC_PROJECTS\HAD_badge\tetris.inc
              tetris.farm   0x0008f6    program     static C:\PIC_PROJECTS\HAD_badge\tetris.inc
             tetris.farmw   0x000928    program     static C:\PIC_PROJECTS\HAD_badge\tetris.inc
        transfer.greeting   0x000536    program     static C:\PIC_PROJECTS\HAD_badge\kernel.asm
                tx.ascnum   0x0005cc    program     extern C:\PIC_PROJECTS\HAD_badge\kernel.asm
                  tx.byte   0x0005d0    program     extern C:\PIC_PROJECTS\HAD_badge\kernel.asm
               tx.i2c.ack   0x001468    program     static C:\PIC_PROJECTS\HAD_badge\accel.inc
                    txt.f   0x000ea0    program     static C:\PIC_PROJECTS\HAD_badge\tetris.inc
                    txt.p   0x000e98    program     static C:\PIC_PROJECTS\HAD_badge\tetris.inc
              txt.ptr.set   0x000e0c    program     static C:\PIC_PROJECTS\HAD_badge\tetris.inc
                  wait.22   0x0008c4    program     static C:\PIC_PROJECTS\HAD_badge\tetris.inc
                  wait.60   0x00089e    program     static C:\PIC_PROJECTS\HAD_badge\tetris.inc
                wait.conv   0x0005c4    program     static C:\PIC_PROJECTS\HAD_badge\kernel.asm
             wait.disp.h1   0x001584    program     static C:\PIC_PROJECTS\HAD_badge\display.inc
             wait.disp.h2   0x00161e    program     static C:\PIC_PROJECTS\HAD_badge\display.inc
              wait.disp.l   0x00185a    program     static C:\PIC_PROJECTS\HAD_badge\display.inc
           wait.disp.shlb   0x00195a    program     static C:\PIC_PROJECTS\HAD_badge\display.inc
              wait.disp.t   0x000e5a    program     static C:\PIC_PROJECTS\HAD_badge\tetris.inc
             wait.disp.v1   0x0016cc    program     static C:\PIC_PROJECTS\HAD_badge\display.inc
             wait.disp.v2   0x0017b4    program     static C:\PIC_PROJECTS\HAD_badge\display.inc
     wait.keyint.released   0x000418    program     static C:\PIC_PROJECTS\HAD_badge\int.inc
                  waitacc   0x000ed4    program     static C:\PIC_PROJECTS\HAD_badge\accel.inc
               zero.shift   0x000c44    program     static C:\PIC_PROJECTS\HAD_badge\tetris.inc
                     AccX   0x00003f       data     static C:\PIC_PROJECTS\HAD_badge\demo.asm
                     AccY   0x000041       data     static C:\PIC_PROJECTS\HAD_badge\demo.asm
                     AccZ   0x000043       data     static C:\PIC_PROJECTS\HAD_badge\demo.asm
                      Bcd   0x00003d       data     static C:\PIC_PROJECTS\HAD_badge\demo.asm
                      Bin   0x00003b       data     static C:\PIC_PROJECTS\HAD_badge\demo.asm
                  BitMask   0x000004       data     extern C:\PIC_PROJECTS\HAD_badge\kernel.asm
                 BitMask2   0x000005       data     static C:\PIC_PROJECTS\HAD_badge\kernel.asm
                    Block   0x000026       data     static C:\PIC_PROJECTS\HAD_badge\demo.asm
              Block.count   0x000030       data     static C:\PIC_PROJECTS\HAD_badge\demo.asm
                   BlockA   0x00002d       data     static C:\PIC_PROJECTS\HAD_badge\demo.asm
                   BlockX   0x00002b       data     static C:\PIC_PROJECTS\HAD_badge\demo.asm
                   BlockY   0x00002c       data     static C:\PIC_PROJECTS\HAD_badge\demo.asm
               Brightness   0x000000       data     static C:\PIC_PROJECTS\HAD_badge\kernel.asm
                   Buffer   0x000700       data     extern C:\PIC_PROJECTS\HAD_badge\kernel.asm
                  Buffer2   0x000710       data     extern C:\PIC_PROJECTS\HAD_badge\kernel.asm
              BufferPause   0x000720       data     extern C:\PIC_PROJECTS\HAD_badge\kernel.asm
                 ColCount   0x000038       data     static C:\PIC_PROJECTS\HAD_badge\demo.asm
             CurrentBlock   0x000027       data     static C:\PIC_PROJECTS\HAD_badge\demo.asm
                  DispPtr   0x000037       data     static C:\PIC_PROJECTS\HAD_badge\demo.asm
                DispSpeed   0x000036       data     static C:\PIC_PROJECTS\HAD_badge\demo.asm
                 FSR0temp   0x000017       data     static C:\PIC_PROJECTS\HAD_badge\kernel.asm
                     Flag   0x000001       data     extern C:\PIC_PROJECTS\HAD_badge\kernel.asm
                 FlagDemo   0x000020       data     static C:\PIC_PROJECTS\HAD_badge\demo.asm
                    Inner   0x000021       data     static C:\PIC_PROJECTS\HAD_badge\demo.asm
                 InnerInt   0x000014       data     static C:\PIC_PROJECTS\HAD_badge\kernel.asm
                  KeyEdge   0x000003       data     extern C:\PIC_PROJECTS\HAD_badge\kernel.asm
                 MYserial   0x00001e       data     extern C:\PIC_PROJECTS\HAD_badge\kernel.asm
                      Ma0   0x00000c       data     extern C:\PIC_PROJECTS\HAD_badge\kernel.asm
                      Ma1   0x00000d       data     extern C:\PIC_PROJECTS\HAD_badge\kernel.asm
                      Ma2   0x00000e       data     extern C:\PIC_PROJECTS\HAD_badge\kernel.asm
                      Ma3   0x00000f       data     extern C:\PIC_PROJECTS\HAD_badge\kernel.asm
                      Mc0   0x000010       data     extern C:\PIC_PROJECTS\HAD_badge\kernel.asm
                      Mc1   0x000011       data     extern C:\PIC_PROJECTS\HAD_badge\kernel.asm
                      Mc2   0x000012       data     extern C:\PIC_PROJECTS\HAD_badge\kernel.asm
                      Mc3   0x000013       data     extern C:\PIC_PROJECTS\HAD_badge\kernel.asm
               OutPlusInt   0x000016       data     static C:\PIC_PROJECTS\HAD_badge\kernel.asm
                    Outer   0x000022       data     static C:\PIC_PROJECTS\HAD_badge\demo.asm
                 OuterInt   0x000015       data     static C:\PIC_PROJECTS\HAD_badge\kernel.asm
                   RXFlag   0x000002       data     extern C:\PIC_PROJECTS\HAD_badge\kernel.asm
               RXpatience   0x00001b       data     extern C:\PIC_PROJECTS\HAD_badge\kernel.asm
                    RXptr   0x000019       data     extern C:\PIC_PROJECTS\HAD_badge\kernel.asm
                 RXserial   0x00001c       data     static C:\PIC_PROJECTS\HAD_badge\kernel.asm
                 Received   0x00001a       data     extern C:\PIC_PROJECTS\HAD_badge\kernel.asm
                   Rotor0   0x000007       data     extern C:\PIC_PROJECTS\HAD_badge\kernel.asm
                   Rotor1   0x000008       data     extern C:\PIC_PROJECTS\HAD_badge\kernel.asm
                   Rotor2   0x000009       data     extern C:\PIC_PROJECTS\HAD_badge\kernel.asm
                   Rotor3   0x00000a       data     extern C:\PIC_PROJECTS\HAD_badge\kernel.asm
                   Rotor4   0x00000b       data     static C:\PIC_PROJECTS\HAD_badge\kernel.asm
                    Score   0x000039       data     static C:\PIC_PROJECTS\HAD_badge\demo.asm
                    Speed   0x000025       data     static C:\PIC_PROJECTS\HAD_badge\demo.asm
              Speed.index   0x000031       data     static C:\PIC_PROJECTS\HAD_badge\demo.asm
                 T0period   0x000006       data     static C:\PIC_PROJECTS\HAD_badge\kernel.asm
              Temp.BlockA   0x00002f       data     static C:\PIC_PROJECTS\HAD_badge\demo.asm
              Temp.BlockX   0x00002e       data     static C:\PIC_PROJECTS\HAD_badge\demo.asm
                    Tempw   0x000024       data     static C:\PIC_PROJECTS\HAD_badge\demo.asm
                  Uniform   0x000023       data     static C:\PIC_PROJECTS\HAD_badge\demo.asm
                   WhoAmI   0x000035       data     static C:\PIC_PROJECTS\HAD_badge\demo.asm
                    Xtest   0x000033       data     static C:\PIC_PROJECTS\HAD_badge\demo.asm
                    Ytest   0x000034       data     static C:\PIC_PROJECTS\HAD_badge\demo.asm
                  liqflag   0x000032       data     static C:\PIC_PROJECTS\HAD_badge\demo.asm



                              Symbols - Sorted by Address
                     Name    Address   Location    Storage File                     
                ---------  ---------  ---------  --------- ---------                
              interrupt_8   0x000010    program     static C:\PIC_PROJECTS\HAD_badge\kernel.asm
             column.anode   0x00012a    program     static C:\PIC_PROJECTS\HAD_badge\int.inc
        no.reconstruction   0x000138    program     static C:\PIC_PROJECTS\HAD_badge\int.inc
               column.any   0x00022c    program     static C:\PIC_PROJECTS\HAD_badge\int.inc
                no.test.0   0x000258    program     static C:\PIC_PROJECTS\HAD_badge\int.inc
                no.test.1   0x000274    program     static C:\PIC_PROJECTS\HAD_badge\int.inc
                no.test.2   0x000290    program     static C:\PIC_PROJECTS\HAD_badge\int.inc
             no.bright.up   0x0002d4    program     static C:\PIC_PROJECTS\HAD_badge\int.inc
               no.test.14   0x0002f2    program     static C:\PIC_PROJECTS\HAD_badge\int.inc
                no.test.x   0x0002f4    program     static C:\PIC_PROJECTS\HAD_badge\int.inc
               pause.mode   0x000306    program     static C:\PIC_PROJECTS\HAD_badge\int.inc
                  no.test   0x000312    program     static C:\PIC_PROJECTS\HAD_badge\int.inc
               rx.enabled   0x00031a    program     static C:\PIC_PROJECTS\HAD_badge\int.inc
       header.in.progress   0x000334    program     static C:\PIC_PROJECTS\HAD_badge\int.inc
        rx.ser.terminator   0x000378    program     static C:\PIC_PROJECTS\HAD_badge\int.inc
              in.progress   0x000390    program     static C:\PIC_PROJECTS\HAD_badge\int.inc
               preset.pat   0x0003bc    program     static C:\PIC_PROJECTS\HAD_badge\int.inc
                RXbuf.ovf   0x0003c2    program     static C:\PIC_PROJECTS\HAD_badge\int.inc
                    no.rx   0x0003c4    program     static C:\PIC_PROJECTS\HAD_badge\int.inc
              still.rxpat   0x0003d2    program     static C:\PIC_PROJECTS\HAD_badge\int.inc
                  rx.exit   0x0003e8    program     static C:\PIC_PROJECTS\HAD_badge\int.inc
                    exit2   0x0003f0    program     static C:\PIC_PROJECTS\HAD_badge\int.inc
              it.was.int0   0x0003f6    program     static C:\PIC_PROJECTS\HAD_badge\int.inc
            sleeping.time   0x0003fa    program     static C:\PIC_PROJECTS\HAD_badge\int.inc
     wait.keyint.released   0x000418    program     static C:\PIC_PROJECTS\HAD_badge\int.inc
             debounce.off   0x00041e    program     static C:\PIC_PROJECTS\HAD_badge\int.inc
               bright.tab   0x000430    program     static C:\PIC_PROJECTS\HAD_badge\int.inc
                     main   0x000450    program     static C:\PIC_PROJECTS\HAD_badge\kernel.asm
                   goclr1   0x0004b8    program     static C:\PIC_PROJECTS\HAD_badge\kernel.asm
                   goclr2   0x0004c2    program     static C:\PIC_PROJECTS\HAD_badge\kernel.asm
                   goclr3   0x0004cc    program     static C:\PIC_PROJECTS\HAD_badge\kernel.asm
                   goclr4   0x0004d6    program     static C:\PIC_PROJECTS\HAD_badge\kernel.asm
                 go.rd.ee   0x00051e    program     static C:\PIC_PROJECTS\HAD_badge\kernel.asm
                  def.txt   0x00052a    program     static C:\PIC_PROJECTS\HAD_badge\kernel.asm
        transfer.greeting   0x000536    program     static C:\PIC_PROJECTS\HAD_badge\kernel.asm
                  exit.ee   0x00053e    program     static C:\PIC_PROJECTS\HAD_badge\kernel.asm
                    ee.rd   0x00054a    program     static C:\PIC_PROJECTS\HAD_badge\kernel.asm
              disp.detect   0x000552    program     static C:\PIC_PROJECTS\HAD_badge\kernel.asm
               ad.convert   0x0005c2    program     static C:\PIC_PROJECTS\HAD_badge\kernel.asm
                wait.conv   0x0005c4    program     static C:\PIC_PROJECTS\HAD_badge\kernel.asm
                tx.ascnum   0x0005cc    program     extern C:\PIC_PROJECTS\HAD_badge\kernel.asm
                  tx.byte   0x0005d0    program     extern C:\PIC_PROJECTS\HAD_badge\kernel.asm
                      rnd   0x0005d8    program     extern C:\PIC_PROJECTS\HAD_badge\kernel.asm
                 greeting   0x000674    program     static C:\PIC_PROJECTS\HAD_badge\kernel.asm
                     cont   0x00075c    program     extern C:\PIC_PROJECTS\HAD_badge\kernel.asm
                demo.farm   0x00075c    program     static C:\PIC_PROJECTS\HAD_badge\demo.asm
                test.keys   0x000770    program     static C:\PIC_PROJECTS\HAD_badge\demo.asm
                  move2up   0x00078a    program     static C:\PIC_PROJECTS\HAD_badge\demo.asm
                print.rom   0x0007ca    program     static C:\PIC_PROJECTS\HAD_badge\demo.asm
                    go.pr   0x0007cc    program     static C:\PIC_PROJECTS\HAD_badge\demo.asm
                   inimes   0x0007d8    program     static C:\PIC_PROJECTS\HAD_badge\demo.asm
                       id   0x0007e8    program     static C:\PIC_PROJECTS\HAD_badge\demo.asm
                   tetris   0x000820    program     static C:\PIC_PROJECTS\HAD_badge\tetris.inc
              tetris.cont   0x000842    program     static C:\PIC_PROJECTS\HAD_badge\tetris.inc
             no.speed.inc   0x00086e    program     static C:\PIC_PROJECTS\HAD_badge\tetris.inc
                   newrnd   0x00087a    program     static C:\PIC_PROJECTS\HAD_badge\tetris.inc
                  wait.60   0x00089e    program     static C:\PIC_PROJECTS\HAD_badge\tetris.inc
           _democode_0144   0x0008a0    program     static C:\PIC_PROJECTS\HAD_badge\tetris.inc
                  mask.16   0x0008b0    program     static C:\PIC_PROJECTS\HAD_badge\tetris.inc
                   inmask   0x0008b4    program     static C:\PIC_PROJECTS\HAD_badge\tetris.inc
           _democode_015A   0x0008b6    program     static C:\PIC_PROJECTS\HAD_badge\tetris.inc
                  wait.22   0x0008c4    program     static C:\PIC_PROJECTS\HAD_badge\tetris.inc
           _democode_016A   0x0008c6    program     static C:\PIC_PROJECTS\HAD_badge\tetris.inc
           new.wait.key.2   0x0008d4    program     static C:\PIC_PROJECTS\HAD_badge\tetris.inc
         pressed.new.game   0x0008ee    program     static C:\PIC_PROJECTS\HAD_badge\tetris.inc
                  not.end   0x0008f2    program     static C:\PIC_PROJECTS\HAD_badge\tetris.inc
              tetris.farm   0x0008f6    program     static C:\PIC_PROJECTS\HAD_badge\tetris.inc
           _democode_019C   0x0008f8    program     static C:\PIC_PROJECTS\HAD_badge\tetris.inc
                  notdown   0x000916    program     static C:\PIC_PROJECTS\HAD_badge\tetris.inc
             tetris.farmw   0x000928    program     static C:\PIC_PROJECTS\HAD_badge\tetris.inc
                 no.key.1   0x000936    program     static C:\PIC_PROJECTS\HAD_badge\tetris.inc
                 nopatchI   0x00094a    program     static C:\PIC_PROJECTS\HAD_badge\tetris.inc
                 no.key.2   0x000950    program     static C:\PIC_PROJECTS\HAD_badge\tetris.inc
                     show   0x000964    program     static C:\PIC_PROJECTS\HAD_badge\tetris.inc
                 no.key.3   0x000964    program     static C:\PIC_PROJECTS\HAD_badge\tetris.inc
                   noovf1   0x000976    program     static C:\PIC_PROJECTS\HAD_badge\tetris.inc
               impossible   0x0009aa    program     static C:\PIC_PROJECTS\HAD_badge\tetris.inc
               no.overlap   0x0009c6    program     static C:\PIC_PROJECTS\HAD_badge\tetris.inc
              end.of.drop   0x0009ca    program     static C:\PIC_PROJECTS\HAD_badge\tetris.inc
                 no.floor   0x0009d6    program     static C:\PIC_PROJECTS\HAD_badge\tetris.inc
          full.line.blink   0x0009dc    program     static C:\PIC_PROJECTS\HAD_badge\tetris.inc
              go.16.blink   0x0009e6    program     static C:\PIC_PROJECTS\HAD_badge\tetris.inc
                  conv.sc   0x000a16    program     static C:\PIC_PROJECTS\HAD_badge\tetris.inc
                 advscore   0x000a1c    program     static C:\PIC_PROJECTS\HAD_badge\tetris.inc
               no.lo.test   0x000a26    program     static C:\PIC_PROJECTS\HAD_badge\tetris.inc
                full.line   0x000a32    program     static C:\PIC_PROJECTS\HAD_badge\tetris.inc
                  not.yet   0x000a64    program     static C:\PIC_PROJECTS\HAD_badge\tetris.inc
                clr.blink   0x000a70    program     static C:\PIC_PROJECTS\HAD_badge\tetris.inc
                 off.loop   0x000a74    program     static C:\PIC_PROJECTS\HAD_badge\tetris.inc
           _democode_031A   0x000a76    program     static C:\PIC_PROJECTS\HAD_badge\tetris.inc
                  on.loop   0x000a82    program     static C:\PIC_PROJECTS\HAD_badge\tetris.inc
           _democode_0328   0x000a84    program     static C:\PIC_PROJECTS\HAD_badge\tetris.inc
             test.overlap   0x000a8e    program     static C:\PIC_PROJECTS\HAD_badge\tetris.inc
                ovl.found   0x000af2    program     static C:\PIC_PROJECTS\HAD_badge\tetris.inc
               draw.block   0x000af6    program     static C:\PIC_PROJECTS\HAD_badge\tetris.inc
        ior.bufer2.buffer   0x000b12    program     static C:\PIC_PROJECTS\HAD_badge\tetris.inc
       move.bufer.buffer2   0x000b54    program     static C:\PIC_PROJECTS\HAD_badge\tetris.inc
       move.bufer2.buffer   0x000b5e    program     static C:\PIC_PROJECTS\HAD_badge\tetris.inc
           move.fsr1.fsr2   0x000b66    program     static C:\PIC_PROJECTS\HAD_badge\tetris.inc
             clrbuf.pause   0x000ba8    program     static C:\PIC_PROJECTS\HAD_badge\tetris.inc
                  clrbuf2   0x000bae    program     static C:\PIC_PROJECTS\HAD_badge\tetris.inc
                   clrbuf   0x000bb4    program     static C:\PIC_PROJECTS\HAD_badge\tetris.inc
                     clrx   0x000bb8    program     static C:\PIC_PROJECTS\HAD_badge\tetris.inc
                get.block   0x000bda    program     static C:\PIC_PROJECTS\HAD_badge\tetris.inc
                 nzblockx   0x000c2c    program     static C:\PIC_PROJECTS\HAD_badge\tetris.inc
                  sr.loop   0x000c2e    program     static C:\PIC_PROJECTS\HAD_badge\tetris.inc
               zero.shift   0x000c44    program     static C:\PIC_PROJECTS\HAD_badge\tetris.inc
                 overflow   0x000c48    program     static C:\PIC_PROJECTS\HAD_badge\tetris.inc
                   blocks   0x000c4c    program     static C:\PIC_PROJECTS\HAD_badge\tetris.inc
                 speedtab   0x000cbc    program     static C:\PIC_PROJECTS\HAD_badge\tetris.inc
                  bin2bcd   0x000cdc    program     static C:\PIC_PROJECTS\HAD_badge\tetris.inc
                 gobinbcd   0x000ce4    program     static C:\PIC_PROJECTS\HAD_badge\tetris.inc
          print.score.buf   0x000cfe    program     static C:\PIC_PROJECTS\HAD_badge\tetris.inc
              print.score   0x000d08    program     static C:\PIC_PROJECTS\HAD_badge\tetris.inc
                     p.sc   0x000d10    program     static C:\PIC_PROJECTS\HAD_badge\tetris.inc
                no.ripple   0x000d3a    program     static C:\PIC_PROJECTS\HAD_badge\tetris.inc
           moving.message   0x000de6    program     static C:\PIC_PROJECTS\HAD_badge\tetris.inc
              txt.ptr.set   0x000e0c    program     static C:\PIC_PROJECTS\HAD_badge\tetris.inc
          start.message.t   0x000e14    program     static C:\PIC_PROJECTS\HAD_badge\tetris.inc
              next.char.t   0x000e18    program     static C:\PIC_PROJECTS\HAD_badge\tetris.inc
                    gnc.t   0x000e20    program     static C:\PIC_PROJECTS\HAD_badge\tetris.inc
                 go9txt.t   0x000e3e    program     static C:\PIC_PROJECTS\HAD_badge\tetris.inc
            next.column.t   0x000e48    program     static C:\PIC_PROJECTS\HAD_badge\tetris.inc
              wait.disp.t   0x000e5a    program     static C:\PIC_PROJECTS\HAD_badge\tetris.inc
           _democode_0700   0x000e5c    program     static C:\PIC_PROJECTS\HAD_badge\tetris.inc
              moveleft9.t   0x000e6e    program     static C:\PIC_PROJECTS\HAD_badge\tetris.inc
                    notxt   0x000e7e    program     static C:\PIC_PROJECTS\HAD_badge\tetris.inc
             one.byte.map   0x000e80    program     static C:\PIC_PROJECTS\HAD_badge\tetris.inc
                    txt.p   0x000e98    program     static C:\PIC_PROJECTS\HAD_badge\tetris.inc
                    txt.f   0x000ea0    program     static C:\PIC_PROJECTS\HAD_badge\tetris.inc
            accelerometer   0x000eb0    program     static C:\PIC_PROJECTS\HAD_badge\accel.inc
                  bittab8   0x000ec0    program     static C:\PIC_PROJECTS\HAD_badge\accel.inc
                  waitacc   0x000ed4    program     static C:\PIC_PROJECTS\HAD_badge\accel.inc
              liquid.farm   0x000ee4    program     static C:\PIC_PROJECTS\HAD_badge\accel.inc
                    g.ovf   0x000efe    program     static C:\PIC_PROJECTS\HAD_badge\accel.inc
                      no1   0x000f1e    program     static C:\PIC_PROJECTS\HAD_badge\accel.inc
                draw4.num   0x000f3c    program     static C:\PIC_PROJECTS\HAD_badge\accel.inc
                draw2.num   0x000f4c    program     static C:\PIC_PROJECTS\HAD_badge\accel.inc
               drawed.num   0x000f5c    program     static C:\PIC_PROJECTS\HAD_badge\accel.inc
               clear.dice   0x000f62    program     static C:\PIC_PROJECTS\HAD_badge\accel.inc
           _democode_0808   0x000f64    program     static C:\PIC_PROJECTS\HAD_badge\accel.inc
                hold.dice   0x000fa4    program     static C:\PIC_PROJECTS\HAD_badge\accel.inc
           _democode_084A   0x000fa6    program     static C:\PIC_PROJECTS\HAD_badge\accel.inc
                  not.ovf   0x000fc4    program     static C:\PIC_PROJECTS\HAD_badge\accel.inc
                 nonoisex   0x000fde    program     static C:\PIC_PROJECTS\HAD_badge\accel.inc
                 nonoisey   0x000ff8    program     static C:\PIC_PROJECTS\HAD_badge\accel.inc
                 findfree   0x001018    program     static C:\PIC_PROJECTS\HAD_badge\accel.inc
                  nomovex   0x00103e    program     static C:\PIC_PROJECTS\HAD_badge\accel.inc
                  nomovey   0x001050    program     static C:\PIC_PROJECTS\HAD_badge\accel.inc
                 dottable   0x001054    program     static C:\PIC_PROJECTS\HAD_badge\accel.inc
                moveXleft   0x0010ac    program     static C:\PIC_PROJECTS\HAD_badge\accel.inc
               moveXright   0x0010c4    program     static C:\PIC_PROJECTS\HAD_badge\accel.inc
                moveYback   0x0010de    program     static C:\PIC_PROJECTS\HAD_badge\accel.inc
               moveYfront   0x0010f8    program     static C:\PIC_PROJECTS\HAD_badge\accel.inc
               is.it.free   0x001110    program     static C:\PIC_PROJECTS\HAD_badge\accel.inc
               test44dots   0x001118    program     static C:\PIC_PROJECTS\HAD_badge\accel.inc
                different   0x001128    program     static C:\PIC_PROJECTS\HAD_badge\accel.inc
              createtable   0x001132    program     static C:\PIC_PROJECTS\HAD_badge\accel.inc
                   go44x2   0x001142    program     static C:\PIC_PROJECTS\HAD_badge\accel.inc
                 drawdots   0x00114e    program     static C:\PIC_PROJECTS\HAD_badge\accel.inc
                 godraw44   0x00115e    program     static C:\PIC_PROJECTS\HAD_badge\accel.inc
                 div.clip   0x001186    program     static C:\PIC_PROJECTS\HAD_badge\accel.inc
                  nomult8   0x0011b4    program     static C:\PIC_PROJECTS\HAD_badge\accel.inc
                   pozitx   0x0011ca    program     static C:\PIC_PROJECTS\HAD_badge\accel.inc
                      okx   0x0011d4    program     static C:\PIC_PROJECTS\HAD_badge\accel.inc
                   pozity   0x0011ea    program     static C:\PIC_PROJECTS\HAD_badge\accel.inc
                      oky   0x0011f4    program     static C:\PIC_PROJECTS\HAD_badge\accel.inc
                   pozitz   0x00120a    program     static C:\PIC_PROJECTS\HAD_badge\accel.inc
                      okz   0x001214    program     static C:\PIC_PROJECTS\HAD_badge\accel.inc
                     div2   0x001216    program     static C:\PIC_PROJECTS\HAD_badge\accel.inc
                  rndarea   0x00122a    program     static C:\PIC_PROJECTS\HAD_badge\accel.inc
                  rnda.16   0x001232    program     static C:\PIC_PROJECTS\HAD_badge\accel.inc
                reset.i2c   0x001246    program     static C:\PIC_PROJECTS\HAD_badge\accel.inc
               snif.accel   0x001262    program     static C:\PIC_PROJECTS\HAD_badge\accel.inc
                get.accel   0x0012c4    program     static C:\PIC_PROJECTS\HAD_badge\accel.inc
                  adxl345   0x0012da    program     static C:\PIC_PROJECTS\HAD_badge\accel.inc
                    gy521   0x00136c    program     static C:\PIC_PROJECTS\HAD_badge\accel.inc
                i2c.start   0x00140e    program     static C:\PIC_PROJECTS\HAD_badge\accel.inc
                 i2c.stop   0x001428    program     static C:\PIC_PROJECTS\HAD_badge\accel.inc
                i2c.tx.w7   0x00143c    program     static C:\PIC_PROJECTS\HAD_badge\accel.inc
                  i2c.ack   0x001440    program     static C:\PIC_PROJECTS\HAD_badge\accel.inc
                 i2c.nack   0x001454    program     static C:\PIC_PROJECTS\HAD_badge\accel.inc
               tx.i2c.ack   0x001468    program     static C:\PIC_PROJECTS\HAD_badge\accel.inc
                  get.ack   0x001488    program     static C:\PIC_PROJECTS\HAD_badge\accel.inc
                 get.data   0x0014a2    program     static C:\PIC_PROJECTS\HAD_badge\accel.inc
                  loopab2   0x0014a6    program     static C:\PIC_PROJECTS\HAD_badge\accel.inc
                      t38   0x0014b2    program     static C:\PIC_PROJECTS\HAD_badge\accel.inc
                    got30   0x0014b6    program     static C:\PIC_PROJECTS\HAD_badge\accel.inc
       ior.bufer2.buffer3   0x0014bc    program     static C:\PIC_PROJECTS\HAD_badge\accel.inc
                  display   0x0014fe    program     static C:\PIC_PROJECTS\HAD_badge\display.inc
         start.message.h1   0x001518    program     static C:\PIC_PROJECTS\HAD_badge\display.inc
             next.char.h1   0x00151e    program     static C:\PIC_PROJECTS\HAD_badge\display.inc
                   gnc.h1   0x001528    program     static C:\PIC_PROJECTS\HAD_badge\display.inc
                nospec.h1   0x001556    program     static C:\PIC_PROJECTS\HAD_badge\display.inc
                go9txt.h1   0x001574    program     static C:\PIC_PROJECTS\HAD_badge\display.inc
           next.column.h1   0x00157e    program     static C:\PIC_PROJECTS\HAD_badge\display.inc
             wait.disp.h1   0x001584    program     static C:\PIC_PROJECTS\HAD_badge\display.inc
            moveleft16.h1   0x001596    program     static C:\PIC_PROJECTS\HAD_badge\display.inc
              gnc.h2.spec   0x0015ae    program     static C:\PIC_PROJECTS\HAD_badge\display.inc
         start.message.h2   0x0015b4    program     static C:\PIC_PROJECTS\HAD_badge\display.inc
             next.char.h2   0x0015b8    program     static C:\PIC_PROJECTS\HAD_badge\display.inc
                   gnc.h2   0x0015c2    program     static C:\PIC_PROJECTS\HAD_badge\display.inc
                nospec.h2   0x0015ea    program     static C:\PIC_PROJECTS\HAD_badge\display.inc
               go14txt.h2   0x001608    program     static C:\PIC_PROJECTS\HAD_badge\display.inc
           next.column.h2   0x00161a    program     static C:\PIC_PROJECTS\HAD_badge\display.inc
             wait.disp.h2   0x00161e    program     static C:\PIC_PROJECTS\HAD_badge\display.inc
            moveleft16.h2   0x001630    program     static C:\PIC_PROJECTS\HAD_badge\display.inc
         start.message.v1   0x00164a    program     static C:\PIC_PROJECTS\HAD_badge\display.inc
             next.char.v1   0x00164e    program     static C:\PIC_PROJECTS\HAD_badge\display.inc
                   gnc.v1   0x001658    program     static C:\PIC_PROJECTS\HAD_badge\display.inc
                nospec.v1   0x001686    program     static C:\PIC_PROJECTS\HAD_badge\display.inc
                go9txt.v1   0x0016a4    program     static C:\PIC_PROJECTS\HAD_badge\display.inc
              next.row.v1   0x0016ca    program     static C:\PIC_PROJECTS\HAD_badge\display.inc
             wait.disp.v1   0x0016cc    program     static C:\PIC_PROJECTS\HAD_badge\display.inc
             movedn16.v11   0x0016de    program     static C:\PIC_PROJECTS\HAD_badge\display.inc
             movedn16.v12   0x0016f4    program     static C:\PIC_PROJECTS\HAD_badge\display.inc
         start.message.v2   0x00170c    program     static C:\PIC_PROJECTS\HAD_badge\display.inc
             next.char.v2   0x001710    program     static C:\PIC_PROJECTS\HAD_badge\display.inc
                   gnc.v2   0x00171a    program     static C:\PIC_PROJECTS\HAD_badge\display.inc
                nospec.v2   0x001748    program     static C:\PIC_PROJECTS\HAD_badge\display.inc
               go14txt.v2   0x001766    program     static C:\PIC_PROJECTS\HAD_badge\display.inc
              next.row.v2   0x0017a8    program     static C:\PIC_PROJECTS\HAD_badge\display.inc
             wait.disp.v2   0x0017b4    program     static C:\PIC_PROJECTS\HAD_badge\display.inc
             movedn16.v21   0x0017c6    program     static C:\PIC_PROJECTS\HAD_badge\display.inc
             movedn16.v22   0x0017dc    program     static C:\PIC_PROJECTS\HAD_badge\display.inc
          start.message.l   0x0017f4    program     static C:\PIC_PROJECTS\HAD_badge\display.inc
              next.char.l   0x0017f8    program     static C:\PIC_PROJECTS\HAD_badge\display.inc
                    gnc.l   0x001802    program     static C:\PIC_PROJECTS\HAD_badge\display.inc
                 nospec.l   0x001830    program     static C:\PIC_PROJECTS\HAD_badge\display.inc
                 go5txt.l   0x00184e    program     static C:\PIC_PROJECTS\HAD_badge\display.inc
               next.row.l   0x001858    program     static C:\PIC_PROJECTS\HAD_badge\display.inc
              wait.disp.l   0x00185a    program     static C:\PIC_PROJECTS\HAD_badge\display.inc
              movedn16.l1   0x00186c    program     static C:\PIC_PROJECTS\HAD_badge\display.inc
              movedn16.l2   0x001882    program     static C:\PIC_PROJECTS\HAD_badge\display.inc
                spec.case   0x00189a    program     static C:\PIC_PROJECTS\HAD_badge\display.inc
                 go.pause   0x0018e6    program     static C:\PIC_PROJECTS\HAD_badge\display.inc
                  go250ms   0x0018e8    program     static C:\PIC_PROJECTS\HAD_badge\display.inc
           _democode_118E   0x0018ea    program     static C:\PIC_PROJECTS\HAD_badge\display.inc
                  case.i2   0x0018fc    program     static C:\PIC_PROJECTS\HAD_badge\display.inc
                  case.i1   0x001900    program     static C:\PIC_PROJECTS\HAD_badge\display.inc
                  case.ix   0x001902    program     static C:\PIC_PROJECTS\HAD_badge\display.inc
              nonum2.case   0x00190a    program     static C:\PIC_PROJECTS\HAD_badge\display.inc
               nonum.case   0x00190c    program     static C:\PIC_PROJECTS\HAD_badge\display.inc
                  case.h1   0x001910    program     static C:\PIC_PROJECTS\HAD_badge\display.inc
                  case.h2   0x001914    program     static C:\PIC_PROJECTS\HAD_badge\display.inc
                  case.v1   0x001918    program     static C:\PIC_PROJECTS\HAD_badge\display.inc
                  case.v2   0x00191c    program     static C:\PIC_PROJECTS\HAD_badge\display.inc
                   case.l   0x001920    program     static C:\PIC_PROJECTS\HAD_badge\display.inc
           spec.not.found   0x001924    program     static C:\PIC_PROJECTS\HAD_badge\display.inc
             no.spec.sign   0x00192e    program     static C:\PIC_PROJECTS\HAD_badge\display.inc
                   comm.i   0x001934    program     static C:\PIC_PROJECTS\HAD_badge\display.inc
               go.i.pause   0x00193e    program     static C:\PIC_PROJECTS\HAD_badge\display.inc
           _democode_11E4   0x001940    program     static C:\PIC_PROJECTS\HAD_badge\display.inc
              sync150cond   0x00194a    program     static C:\PIC_PROJECTS\HAD_badge\display.inc
           _democode_11F4   0x001950    program     static C:\PIC_PROJECTS\HAD_badge\display.inc
                   shlbuf   0x001956    program     static C:\PIC_PROJECTS\HAD_badge\display.inc
           wait.disp.shlb   0x00195a    program     static C:\PIC_PROJECTS\HAD_badge\display.inc
                    shl16   0x001968    program     static C:\PIC_PROJECTS\HAD_badge\display.inc
                   charg1   0x001972    program     static C:\PIC_PROJECTS\HAD_badge\chargen.inc
                   charg2   0x001d32    program     static C:\PIC_PROJECTS\HAD_badge\chargen.inc
                   charg3   0x001f72    program     static C:\PIC_PROJECTS\HAD_badge\chargen.inc
                   charg4   0x0024b2    program     static C:\PIC_PROJECTS\HAD_badge\chargen.inc
               Brightness   0x000000       data     static C:\PIC_PROJECTS\HAD_badge\kernel.asm
                     Flag   0x000001       data     extern C:\PIC_PROJECTS\HAD_badge\kernel.asm
                   RXFlag   0x000002       data     extern C:\PIC_PROJECTS\HAD_badge\kernel.asm
                  KeyEdge   0x000003       data     extern C:\PIC_PROJECTS\HAD_badge\kernel.asm
                  BitMask   0x000004       data     extern C:\PIC_PROJECTS\HAD_badge\kernel.asm
                 BitMask2   0x000005       data     static C:\PIC_PROJECTS\HAD_badge\kernel.asm
                 T0period   0x000006       data     static C:\PIC_PROJECTS\HAD_badge\kernel.asm
                   Rotor0   0x000007       data     extern C:\PIC_PROJECTS\HAD_badge\kernel.asm
                   Rotor1   0x000008       data     extern C:\PIC_PROJECTS\HAD_badge\kernel.asm
                   Rotor2   0x000009       data     extern C:\PIC_PROJECTS\HAD_badge\kernel.asm
                   Rotor3   0x00000a       data     extern C:\PIC_PROJECTS\HAD_badge\kernel.asm
                   Rotor4   0x00000b       data     static C:\PIC_PROJECTS\HAD_badge\kernel.asm
                      Ma0   0x00000c       data     extern C:\PIC_PROJECTS\HAD_badge\kernel.asm
                      Ma1   0x00000d       data     extern C:\PIC_PROJECTS\HAD_badge\kernel.asm
                      Ma2   0x00000e       data     extern C:\PIC_PROJECTS\HAD_badge\kernel.asm
                      Ma3   0x00000f       data     extern C:\PIC_PROJECTS\HAD_badge\kernel.asm
                      Mc0   0x000010       data     extern C:\PIC_PROJECTS\HAD_badge\kernel.asm
                      Mc1   0x000011       data     extern C:\PIC_PROJECTS\HAD_badge\kernel.asm
                      Mc2   0x000012       data     extern C:\PIC_PROJECTS\HAD_badge\kernel.asm
                      Mc3   0x000013       data     extern C:\PIC_PROJECTS\HAD_badge\kernel.asm
                 InnerInt   0x000014       data     static C:\PIC_PROJECTS\HAD_badge\kernel.asm
                 OuterInt   0x000015       data     static C:\PIC_PROJECTS\HAD_badge\kernel.asm
               OutPlusInt   0x000016       data     static C:\PIC_PROJECTS\HAD_badge\kernel.asm
                 FSR0temp   0x000017       data     static C:\PIC_PROJECTS\HAD_badge\kernel.asm
                    RXptr   0x000019       data     extern C:\PIC_PROJECTS\HAD_badge\kernel.asm
                 Received   0x00001a       data     extern C:\PIC_PROJECTS\HAD_badge\kernel.asm
               RXpatience   0x00001b       data     extern C:\PIC_PROJECTS\HAD_badge\kernel.asm
                 RXserial   0x00001c       data     static C:\PIC_PROJECTS\HAD_badge\kernel.asm
                 MYserial   0x00001e       data     extern C:\PIC_PROJECTS\HAD_badge\kernel.asm
                 FlagDemo   0x000020       data     static C:\PIC_PROJECTS\HAD_badge\demo.asm
                    Inner   0x000021       data     static C:\PIC_PROJECTS\HAD_badge\demo.asm
                    Outer   0x000022       data     static C:\PIC_PROJECTS\HAD_badge\demo.asm
                  Uniform   0x000023       data     static C:\PIC_PROJECTS\HAD_badge\demo.asm
                    Tempw   0x000024       data     static C:\PIC_PROJECTS\HAD_badge\demo.asm
                    Speed   0x000025       data     static C:\PIC_PROJECTS\HAD_badge\demo.asm
                    Block   0x000026       data     static C:\PIC_PROJECTS\HAD_badge\demo.asm
             CurrentBlock   0x000027       data     static C:\PIC_PROJECTS\HAD_badge\demo.asm
                   BlockX   0x00002b       data     static C:\PIC_PROJECTS\HAD_badge\demo.asm
                   BlockY   0x00002c       data     static C:\PIC_PROJECTS\HAD_badge\demo.asm
                   BlockA   0x00002d       data     static C:\PIC_PROJECTS\HAD_badge\demo.asm
              Temp.BlockX   0x00002e       data     static C:\PIC_PROJECTS\HAD_badge\demo.asm
              Temp.BlockA   0x00002f       data     static C:\PIC_PROJECTS\HAD_badge\demo.asm
              Block.count   0x000030       data     static C:\PIC_PROJECTS\HAD_badge\demo.asm
              Speed.index   0x000031       data     static C:\PIC_PROJECTS\HAD_badge\demo.asm
                  liqflag   0x000032       data     static C:\PIC_PROJECTS\HAD_badge\demo.asm
                    Xtest   0x000033       data     static C:\PIC_PROJECTS\HAD_badge\demo.asm
                    Ytest   0x000034       data     static C:\PIC_PROJECTS\HAD_badge\demo.asm
                   WhoAmI   0x000035       data     static C:\PIC_PROJECTS\HAD_badge\demo.asm
                DispSpeed   0x000036       data     static C:\PIC_PROJECTS\HAD_badge\demo.asm
                  DispPtr   0x000037       data     static C:\PIC_PROJECTS\HAD_badge\demo.asm
                 ColCount   0x000038       data     static C:\PIC_PROJECTS\HAD_badge\demo.asm
                    Score   0x000039       data     static C:\PIC_PROJECTS\HAD_badge\demo.asm
                      Bin   0x00003b       data     static C:\PIC_PROJECTS\HAD_badge\demo.asm
                      Bcd   0x00003d       data     static C:\PIC_PROJECTS\HAD_badge\demo.asm
                     AccX   0x00003f       data     static C:\PIC_PROJECTS\HAD_badge\demo.asm
                     AccY   0x000041       data     static C:\PIC_PROJECTS\HAD_badge\demo.asm
                     AccZ   0x000043       data     static C:\PIC_PROJECTS\HAD_badge\demo.asm
                   Buffer   0x000700       data     extern C:\PIC_PROJECTS\HAD_badge\kernel.asm
                  Buffer2   0x000710       data     extern C:\PIC_PROJECTS\HAD_badge\kernel.asm
              BufferPause   0x000720       data     extern C:\PIC_PROJECTS\HAD_badge\kernel.asm


